module golden

go 1.16

require (
	github.com/go-kit/kit v0.10.0
	github.com/pkg/err